[DEBUG] 2026-04-22 11:56:57.900 [main] PackageRelationshipCollection - Parsing relationship: /xl/_rels/workbook.xml.rels
[DEBUG] 2026-04-22 11:56:57.912 [main] PackageRelationshipCollection - Parsing relationship: /_rels/.rels
[DEBUG] 2026-04-22 11:56:58.555 [main] POIXMLFactory - using default POIXMLDocumentPart for http://schemas.microsoft.com/office/2017/10/relationships/person
[INFO ] 2026-04-22 11:57:03.696 [main] LoginTest - Loading browser...
[ERROR] 2026-04-22 11:57:05.999 [main] LoginTest - Invalid login...
[INFO ] 2026-04-22 11:57:09.479 [main] LoginTest - Loading browser...
[ERROR] 2026-04-22 11:57:11.726 [main] LoginTest - Invalid login...
[DEBUG] 2026-04-22 11:57:12.066 [main] PackageRelationshipCollection - Parsing relationship: /xl/_rels/workbook.xml.rels
[DEBUG] 2026-04-22 11:57:12.069 [main] PackageRelationshipCollection - Parsing relationship: /_rels/.rels
[DEBUG] 2026-04-22 11:57:12.089 [main] POIXMLFactory - using default POIXMLDocumentPart for http://schemas.microsoft.com/office/2017/10/relationships/person
[INFO ] 2026-04-22 11:57:15.964 [main] LoginTest - Loading browser...
[INFO ] 2026-04-22 11:57:19.647 [main] LoginTest - Valid login...
[DEBUG] 2026-04-22 14:09:59.008 [main] PackageRelationshipCollection - Parsing relationship: /xl/_rels/workbook.xml.rels
[DEBUG] 2026-04-22 14:09:59.017 [main] PackageRelationshipCollection - Parsing relationship: /_rels/.rels
[DEBUG] 2026-04-22 14:09:59.666 [main] POIXMLFactory - using default POIXMLDocumentPart for http://schemas.microsoft.com/office/2017/10/relationships/person
[DEBUG] 2026-04-22 14:10:03.984 [main] PackageRelationshipCollection - Parsing relationship: /xl/_rels/workbook.xml.rels
[DEBUG] 2026-04-22 14:10:03.989 [main] PackageRelationshipCollection - Parsing relationship: /_rels/.rels
[DEBUG] 2026-04-22 14:10:04.010 [main] POIXMLFactory - using default POIXMLDocumentPart for http://schemas.microsoft.com/office/2017/10/relationships/person
[DEBUG] 2026-04-22 14:10:26.303 [main] PackageRelationshipCollection - Parsing relationship: /xl/_rels/workbook.xml.rels
[DEBUG] 2026-04-22 14:10:26.312 [main] PackageRelationshipCollection - Parsing relationship: /_rels/.rels
[DEBUG] 2026-04-22 14:10:26.906 [main] POIXMLFactory - using default POIXMLDocumentPart for http://schemas.microsoft.com/office/2017/10/relationships/person
[INFO ] 2026-04-22 14:10:29.917 [main] LoginTest - Loading browser...
[INFO ] 2026-04-22 14:10:32.433 [main] LoginTest - Loading browser...
[DEBUG] 2026-04-22 14:10:32.747 [main] PackageRelationshipCollection - Parsing relationship: /xl/_rels/workbook.xml.rels
[DEBUG] 2026-04-22 14:10:32.749 [main] PackageRelationshipCollection - Parsing relationship: /_rels/.rels
[DEBUG] 2026-04-22 14:10:32.769 [main] POIXMLFactory - using default POIXMLDocumentPart for http://schemas.microsoft.com/office/2017/10/relationships/person
[INFO ] 2026-04-22 14:10:36.502 [main] LoginTest - Loading browser...
[DEBUG] 2026-04-22 14:11:44.183 [main] PackageRelationshipCollection - Parsing relationship: /xl/_rels/workbook.xml.rels
[DEBUG] 2026-04-22 14:11:44.194 [main] PackageRelationshipCollection - Parsing relationship: /_rels/.rels
[DEBUG] 2026-04-22 14:11:44.774 [main] POIXMLFactory - using default POIXMLDocumentPart for http://schemas.microsoft.com/office/2017/10/relationships/person
[INFO ] 2026-04-22 14:11:47.658 [main] LoginTest - Loading browser...
[INFO ] 2026-04-22 14:11:49.908 [main] LoginTest - Loading browser...
[DEBUG] 2026-04-22 14:11:50.229 [main] PackageRelationshipCollection - Parsing relationship: /xl/_rels/workbook.xml.rels
[DEBUG] 2026-04-22 14:11:50.231 [main] PackageRelationshipCollection - Parsing relationship: /_rels/.rels
[DEBUG] 2026-04-22 14:11:50.251 [main] POIXMLFactory - using default POIXMLDocumentPart for http://schemas.microsoft.com/office/2017/10/relationships/person
[INFO ] 2026-04-22 14:11:52.017 [main] LoginTest - Loading browser...
[DEBUG] 2026-04-22 14:12:13.683 [main] PackageRelationshipCollection - Parsing relationship: /xl/_rels/workbook.xml.rels
[DEBUG] 2026-04-22 14:12:13.692 [main] PackageRelationshipCollection - Parsing relationship: /_rels/.rels
[DEBUG] 2026-04-22 14:12:14.291 [main] POIXMLFactory - using default POIXMLDocumentPart for http://schemas.microsoft.com/office/2017/10/relationships/person
[INFO ] 2026-04-22 14:12:17.149 [main] LoginTest - Loading browser...
[INFO ] 2026-04-22 14:12:19.492 [main] LoginTest - Loading browser...
[DEBUG] 2026-04-22 14:12:19.824 [main] PackageRelationshipCollection - Parsing relationship: /xl/_rels/workbook.xml.rels
[DEBUG] 2026-04-22 14:12:19.826 [main] PackageRelationshipCollection - Parsing relationship: /_rels/.rels
[DEBUG] 2026-04-22 14:12:19.847 [main] POIXMLFactory - using default POIXMLDocumentPart for http://schemas.microsoft.com/office/2017/10/relationships/person
[INFO ] 2026-04-22 14:12:21.726 [main] LoginTest - Loading browser...
[DEBUG] 2026-04-22 14:13:12.926 [main] PackageRelationshipCollection - Parsing relationship: /xl/_rels/workbook.xml.rels
[DEBUG] 2026-04-22 14:13:12.937 [main] PackageRelationshipCollection - Parsing relationship: /_rels/.rels
[DEBUG] 2026-04-22 14:13:13.488 [main] POIXMLFactory - using default POIXMLDocumentPart for http://schemas.microsoft.com/office/2017/10/relationships/person
[INFO ] 2026-04-22 14:13:16.275 [main] LoginTest - Loading browser...
[DEBUG] 2026-04-22 14:13:16.625 [main] PackageRelationshipCollection - Parsing relationship: /xl/_rels/workbook.xml.rels
[DEBUG] 2026-04-22 14:13:16.627 [main] PackageRelationshipCollection - Parsing relationship: /_rels/.rels
[DEBUG] 2026-04-22 14:13:16.647 [main] POIXMLFactory - using default POIXMLDocumentPart for http://schemas.microsoft.com/office/2017/10/relationships/person
[INFO ] 2026-04-22 14:13:18.557 [main] LoginTest - Loading browser...
[INFO ] 2026-04-22 14:13:20.758 [main] LoginTest - Loading browser...
[DEBUG] 2026-04-22 14:20:04.486 [main] PackageRelationshipCollection - Parsing relationship: /xl/_rels/workbook.xml.rels
[DEBUG] 2026-04-22 14:20:04.497 [main] PackageRelationshipCollection - Parsing relationship: /_rels/.rels
[DEBUG] 2026-04-22 14:20:05.265 [main] POIXMLFactory - using default POIXMLDocumentPart for http://schemas.microsoft.com/office/2017/10/relationships/person
[INFO ] 2026-04-22 14:20:12.566 [main] LoginTest - Loading browser...
[ERROR] 2026-04-22 14:20:14.903 [main] LoginTest - Invalid login...
[INFO ] 2026-04-22 14:20:18.267 [main] LoginTest - Loading browser...
[ERROR] 2026-04-22 14:20:20.594 [main] LoginTest - Invalid login...
[DEBUG] 2026-04-22 14:20:20.963 [main] PackageRelationshipCollection - Parsing relationship: /xl/_rels/workbook.xml.rels
[DEBUG] 2026-04-22 14:20:20.965 [main] PackageRelationshipCollection - Parsing relationship: /_rels/.rels
[DEBUG] 2026-04-22 14:20:20.987 [main] POIXMLFactory - using default POIXMLDocumentPart for http://schemas.microsoft.com/office/2017/10/relationships/person
[INFO ] 2026-04-22 14:20:24.844 [main] LoginTest - Loading browser...
[INFO ] 2026-04-22 14:20:27.958 [main] LoginTest - Valid login...
[DEBUG] 2026-04-22 14:21:09.780 [main] PackageRelationshipCollection - Parsing relationship: /xl/_rels/workbook.xml.rels
[DEBUG] 2026-04-22 14:21:09.789 [main] PackageRelationshipCollection - Parsing relationship: /_rels/.rels
[DEBUG] 2026-04-22 14:21:10.351 [main] POIXMLFactory - using default POIXMLDocumentPart for http://schemas.microsoft.com/office/2017/10/relationships/person
[INFO ] 2026-04-22 14:21:14.286 [main] LoginTest - Loading browser...
[DEBUG] 2026-04-22 14:21:16.883 [main] PackageRelationshipCollection - Parsing relationship: /xl/_rels/workbook.xml.rels
[DEBUG] 2026-04-22 14:21:16.886 [main] PackageRelationshipCollection - Parsing relationship: /_rels/.rels
[DEBUG] 2026-04-22 14:21:16.909 [main] POIXMLFactory - using default POIXMLDocumentPart for http://schemas.microsoft.com/office/2017/10/relationships/person
[INFO ] 2026-04-22 14:21:19.813 [main] LoginTest - Loading browser...
[ERROR] 2026-04-22 14:21:21.991 [main] LoginTest - Invalid login...
[INFO ] 2026-04-22 14:21:25.209 [main] LoginTest - Loading browser...
[ERROR] 2026-04-22 14:21:27.388 [main] LoginTest - Invalid login...
[DEBUG] 2026-04-22 14:22:53.207 [main] PackageRelationshipCollection - Parsing relationship: /xl/_rels/workbook.xml.rels
[DEBUG] 2026-04-22 14:22:53.215 [main] PackageRelationshipCollection - Parsing relationship: /_rels/.rels
[DEBUG] 2026-04-22 14:22:53.790 [main] POIXMLFactory - using default POIXMLDocumentPart for http://schemas.microsoft.com/office/2017/10/relationships/person
[INFO ] 2026-04-22 14:22:58.060 [main] LoginTest - Loading browser...
[ERROR] 2026-04-22 14:23:00.310 [main] LoginTest - Invalid login...
[INFO ] 2026-04-22 14:23:03.274 [main] LoginTest - Loading browser...
[ERROR] 2026-04-22 14:23:05.584 [main] LoginTest - Invalid login...
[DEBUG] 2026-04-22 14:23:05.911 [main] PackageRelationshipCollection - Parsing relationship: /xl/_rels/workbook.xml.rels
[DEBUG] 2026-04-22 14:23:05.913 [main] PackageRelationshipCollection - Parsing relationship: /_rels/.rels
[DEBUG] 2026-04-22 14:23:05.934 [main] POIXMLFactory - using default POIXMLDocumentPart for http://schemas.microsoft.com/office/2017/10/relationships/person
[INFO ] 2026-04-22 14:23:08.796 [main] LoginTest - Loading browser...
[INFO ] 2026-04-22 14:23:11.682 [main] LoginTest - Valid login...
[DEBUG] 2026-04-22 14:23:41.731 [main] PackageRelationshipCollection - Parsing relationship: /xl/_rels/workbook.xml.rels
[DEBUG] 2026-04-22 14:23:41.742 [main] PackageRelationshipCollection - Parsing relationship: /_rels/.rels
[DEBUG] 2026-04-22 14:23:42.286 [main] POIXMLFactory - using default POIXMLDocumentPart for http://schemas.microsoft.com/office/2017/10/relationships/person
[INFO ] 2026-04-22 14:23:46.189 [main] LoginTest - Loading browser...
[INFO ] 2026-04-22 14:23:49.108 [main] LoginTest - Valid login...
[DEBUG] 2026-04-22 14:25:07.788 [main] PackageRelationshipCollection - Parsing relationship: /xl/_rels/workbook.xml.rels
[DEBUG] 2026-04-22 14:25:07.798 [main] PackageRelationshipCollection - Parsing relationship: /_rels/.rels
[DEBUG] 2026-04-22 14:25:08.375 [main] POIXMLFactory - using default POIXMLDocumentPart for http://schemas.microsoft.com/office/2017/10/relationships/person
[INFO ] 2026-04-22 14:25:12.316 [main] LoginTest - Loading browser...
[ERROR] 2026-04-22 14:25:14.706 [main] LoginTest - Invalid login...
[INFO ] 2026-04-22 14:25:18.011 [main] LoginTest - Loading browser...
[ERROR] 2026-04-22 14:25:20.258 [main] LoginTest - Invalid login...
[DEBUG] 2026-04-22 14:25:20.631 [main] PackageRelationshipCollection - Parsing relationship: /xl/_rels/workbook.xml.rels
[DEBUG] 2026-04-22 14:25:20.633 [main] PackageRelationshipCollection - Parsing relationship: /_rels/.rels
[DEBUG] 2026-04-22 14:25:20.650 [main] POIXMLFactory - using default POIXMLDocumentPart for http://schemas.microsoft.com/office/2017/10/relationships/person
[INFO ] 2026-04-22 14:25:23.468 [main] LoginTest - Loading browser...
[DEBUG] 2026-04-22 14:25:46.934 [main] PackageRelationshipCollection - Parsing relationship: /xl/_rels/workbook.xml.rels
[DEBUG] 2026-04-22 14:25:46.945 [main] PackageRelationshipCollection - Parsing relationship: /_rels/.rels
[DEBUG] 2026-04-22 14:25:47.513 [main] POIXMLFactory - using default POIXMLDocumentPart for http://schemas.microsoft.com/office/2017/10/relationships/person
[INFO ] 2026-04-22 14:25:51.480 [main] LoginTest - Loading browser...
[DEBUG] 2026-04-22 14:26:51.920 [main] PackageRelationshipCollection - Parsing relationship: /xl/_rels/workbook.xml.rels
[DEBUG] 2026-04-22 14:26:51.931 [main] PackageRelationshipCollection - Parsing relationship: /_rels/.rels
[DEBUG] 2026-04-22 14:26:52.527 [main] POIXMLFactory - using default POIXMLDocumentPart for http://schemas.microsoft.com/office/2017/10/relationships/person
[INFO ] 2026-04-22 14:26:56.631 [main] LoginTest - Loading browser...
[INFO ] 2026-04-22 14:26:59.824 [main] LoginTest - Valid login...
[DEBUG] 2026-04-28 10:06:44.180 [main] PackageRelationshipCollection - Parsing relationship: /xl/_rels/workbook.xml.rels
[DEBUG] 2026-04-28 10:06:44.193 [main] PackageRelationshipCollection - Parsing relationship: /_rels/.rels
[DEBUG] 2026-04-28 10:06:44.929 [main] POIXMLFactory - using default POIXMLDocumentPart for http://schemas.microsoft.com/office/2017/10/relationships/person
[INFO ] 2026-04-28 10:06:50.393 [main] LoginTest - Loading browser...
[ERROR] 2026-04-28 10:06:52.801 [main] LoginTest - Invalid login...
[INFO ] 2026-04-28 10:06:56.379 [main] LoginTest - Loading browser...
[ERROR] 2026-04-28 10:06:58.729 [main] LoginTest - Invalid login...
[DEBUG] 2026-04-28 10:06:59.127 [main] PackageRelationshipCollection - Parsing relationship: /xl/_rels/workbook.xml.rels
[DEBUG] 2026-04-28 10:06:59.129 [main] PackageRelationshipCollection - Parsing relationship: /_rels/.rels
[DEBUG] 2026-04-28 10:06:59.152 [main] POIXMLFactory - using default POIXMLDocumentPart for http://schemas.microsoft.com/office/2017/10/relationships/person
[INFO ] 2026-04-28 10:07:02.352 [main] LoginTest - Loading browser...
[INFO ] 2026-04-28 10:07:05.364 [main] LoginTest - Valid login...
[DEBUG] 2026-04-28 11:05:14.556 [main] PackageRelationshipCollection - Parsing relationship: /xl/_rels/workbook.xml.rels
[DEBUG] 2026-04-28 11:05:14.565 [main] PackageRelationshipCollection - Parsing relationship: /_rels/.rels
[DEBUG] 2026-04-28 11:05:15.214 [main] POIXMLFactory - using default POIXMLDocumentPart for http://schemas.microsoft.com/office/2017/10/relationships/person
[INFO ] 2026-04-28 11:05:22.191 [main] LoginTest - Loading browser...
[INFO ] 2026-04-28 11:05:37.979 [main] LoginTest - Loading browser...
[DEBUG] 2026-04-28 11:05:51.608 [main] PackageRelationshipCollection - Parsing relationship: /xl/_rels/workbook.xml.rels
[DEBUG] 2026-04-28 11:05:51.611 [main] PackageRelationshipCollection - Parsing relationship: /_rels/.rels
[DEBUG] 2026-04-28 11:05:51.632 [main] POIXMLFactory - using default POIXMLDocumentPart for http://schemas.microsoft.com/office/2017/10/relationships/person
[INFO ] 2026-04-28 11:05:54.706 [main] LoginTest - Loading browser...
