[INFO ] 2026-04-28 20:45:15.074 [main] TestDemo - Started the browse...
[INFO ] 2026-04-28 20:45:27.979 [main] TestDemo - Valid login successful
[INFO ] 2026-04-28 20:45:27.987 [main] TestDemo - Closing the browse...
[INFO ] 2026-04-28 21:23:04.980 [main] TestDemo - Started the browse...
[INFO ] 2026-04-28 21:23:14.436 [main] TestDemo - Valid login successful
[INFO ] 2026-04-28 21:23:14.444 [main] TestDemo - Closing the browse...
[INFO ] 2026-04-28 21:58:34.530 [main] TestDemo - Started the browse...
[INFO ] 2026-04-28 21:58:55.967 [main] TestDemo - Closing the browse...
[INFO ] 2026-04-28 22:08:06.841 [main] TestDemo - Started the browse...
[INFO ] 2026-04-28 22:08:13.247 [main] TestDemo - Valid login successful
[INFO ] 2026-04-28 22:08:13.254 [main] TestDemo - Closing the browse...
[INFO ] 2026-04-28 22:14:53.845 [main] TestDemo - Started the browse...
[INFO ] 2026-04-28 22:15:02.088 [main] TestDemo - Valid login successful
[INFO ] 2026-04-28 22:15:02.099 [main] TestDemo - Closing the browse...
[INFO ] 2026-04-28 22:50:23.242 [main] TestDemo - Started the browse...
[INFO ] 2026-04-28 22:50:34.151 [main] TestDemo - Valid login successful
[INFO ] 2026-04-28 22:50:34.159 [main] TestDemo - Closing the browse...
[DEBUG] 2026-04-29 16:08:02.365 [main] PackageRelationshipCollection - Parsing relationship: /xl/_rels/workbook.xml.rels
[DEBUG] 2026-04-29 16:08:02.375 [main] PackageRelationshipCollection - Parsing relationship: /_rels/.rels
[DEBUG] 2026-04-29 16:28:24.845 [main] PackageRelationshipCollection - Parsing relationship: /xl/_rels/workbook.xml.rels
[DEBUG] 2026-04-29 16:28:24.855 [main] PackageRelationshipCollection - Parsing relationship: /_rels/.rels
[INFO ] 2026-04-29 16:28:31.842 [main] TestDemo - Started the browse...
[WARN ] 2026-04-29 16:28:35.594 [main] TestDemo - Invalid login verified...
[INFO ] 2026-04-29 16:28:35.608 [main] TestDemo - Closing the browse...
[INFO ] 2026-04-29 16:28:37.806 [main] TestDemo - Started the browse...
[WARN ] 2026-04-29 16:28:41.199 [main] TestDemo - Invalid login verified...
[INFO ] 2026-04-29 16:28:41.204 [main] TestDemo - Closing the browse...
[INFO ] 2026-04-29 16:28:43.133 [main] TestDemo - Started the browse...
[INFO ] 2026-04-29 16:28:47.226 [main] TestDemo - Valid login successful
[INFO ] 2026-04-29 16:28:47.231 [main] TestDemo - Closing the browse...
[DEBUG] 2026-04-29 21:31:46.236 [main] PackageRelationshipCollection - Parsing relationship: /xl/_rels/workbook.xml.rels
[DEBUG] 2026-04-29 21:31:46.247 [main] PackageRelationshipCollection - Parsing relationship: /_rels/.rels
[DEBUG] 2026-04-29 21:32:54.331 [main] PackageRelationshipCollection - Parsing relationship: /xl/_rels/workbook.xml.rels
[DEBUG] 2026-04-29 21:32:54.342 [main] PackageRelationshipCollection - Parsing relationship: /_rels/.rels
[INFO ] 2026-04-29 21:33:00.769 [main] TestDemo - Started the browse...
[WARN ] 2026-04-29 21:33:05.415 [main] TestDemo - Invalid login verified...
[INFO ] 2026-04-29 21:33:05.426 [main] TestDemo - Closing the browse...
[INFO ] 2026-04-29 21:33:07.405 [main] TestDemo - Started the browse...
[WARN ] 2026-04-29 21:33:11.777 [main] TestDemo - Invalid login verified...
[INFO ] 2026-04-29 21:33:11.791 [main] TestDemo - Closing the browse...
[INFO ] 2026-04-29 21:33:13.719 [main] TestDemo - Started the browse...
[INFO ] 2026-04-29 21:33:20.979 [main] TestDemo - Valid login successful
[INFO ] 2026-04-29 21:33:20.982 [main] TestDemo - Closing the browse...
[DEBUG] 2026-04-29 22:08:07.086 [main] PackageRelationshipCollection - Parsing relationship: /xl/_rels/workbook.xml.rels
[DEBUG] 2026-04-29 22:08:07.094 [main] PackageRelationshipCollection - Parsing relationship: /_rels/.rels
[INFO ] 2026-04-29 22:08:10.663 [main] TestDemo - Started the browse...
[WARN ] 2026-04-29 22:08:27.479 [main] TestDemo - Invalid login verified...
[INFO ] 2026-04-29 22:08:27.490 [main] TestDemo - Closing the browse...
[INFO ] 2026-04-29 22:08:29.529 [main] TestDemo - Started the browse...
[WARN ] 2026-04-29 22:08:35.177 [main] TestDemo - Invalid login verified...
[INFO ] 2026-04-29 22:08:35.182 [main] TestDemo - Closing the browse...
[INFO ] 2026-04-29 22:08:37.127 [main] TestDemo - Started the browse...
[INFO ] 2026-04-29 22:08:42.115 [main] TestDemo - Valid login successful
[INFO ] 2026-04-29 22:08:42.118 [main] TestDemo - Closing the browse...
[DEBUG] 2026-04-29 22:16:00.959 [main] PackageRelationshipCollection - Parsing relationship: /xl/_rels/workbook.xml.rels
[DEBUG] 2026-04-29 22:16:00.967 [main] PackageRelationshipCollection - Parsing relationship: /_rels/.rels
[INFO ] 2026-04-29 22:16:04.367 [main] TestDemo - Started the browse...
[INFO ] 2026-04-29 22:16:18.151 [main] TestDemo - Closing the browse...
[INFO ] 2026-04-29 22:16:19.893 [main] TestDemo - Started the browse...
[INFO ] 2026-04-29 22:16:30.009 [main] TestDemo - Closing the browse...
[INFO ] 2026-04-29 22:16:31.662 [main] TestDemo - Started the browse...
[INFO ] 2026-04-29 22:16:46.882 [main] TestDemo - Valid login successful
[INFO ] 2026-04-29 22:16:46.886 [main] TestDemo - Closing the browse...
